     com.apple.poirot.SearchAnalyticsWorker((null))
     com.apple.MobileSMS.MessagesAssistantExtension(14.0)
     com.apple.icloud.apps.messages.business.extension(1.0)
     com.apple.ImagePlayground.NonUIExtension((null))
     com.apple.AppleMediaDiscovery.PFLASLArcadeRetention((null))
     com.apple.quicklook.extension.previewUI(1.0)
     com.apple.Passwords.PasswordManagerAppIntentsExtension((null))
     com.apple.siri.SiriGeo.SiriGeoIntentExtension(1.0)
+    com.apple.mobileslideshow.StreamShareService(1.0)
     com.apple.AppleMediaServicesUI.AMSProductPageExtension(1.0)
     com.apple.WebKit.GPU((null))
     com.apple.calendar.EventKitUIRemoteUIExtension((null))
     com.apple.WatchFacesWallpaperSupport.Unity2025Poster(1.0)
     com.apple.AvatarUI.AvatarPosterExtension(1.0)
     com.apple.GeneralSettingsIntents(1200.4.1)
     com.apple.mobilesafari.SafariWidgetExtension(8621)
     com.apple.CloudSubscriptionFeatures.CSFFollowUpExtension(1.0)
     com.apple.Translate.CacheDeleteExtension(1.0)
     com.apple.GameCenter.Settings.DeviceExpertExtension((null))
     com.apple.Lighthouse.DeepThought.DeepThoughtPlugin(1.0)
     com.apple.UserNotificationsUIKit.ThumbnailProvider(1.0)
     com.apple.GameCenterUI.GameCenterTurnBasedMatchmakerExtension(1.0)
     com.apple.WorkflowUI.AddShortcutExtension(7.0)
     com.apple.siri.SiriPrivateLearningAnalytics.SiriUserFeedbackLearningUniversalSuggestionsPlugin(1.0)
     com.apple.NLPLearnerExtension((null))
     com.apple.Lighthouse.DeepThought.SiriCoreMetrics.SiriCoreMetricsPlugin(1.0)
     com.apple.PhotosUIPrivate.PhotosAmbientPosterProvider(1.0)
     com.apple.reminders.spotlightindexextension(7.0)
     com.apple.ibooks.BookLibraryCore.BooksAskPermissionExtension(1.0)
     com.apple.findmy.FindMyIntents(1.0)
     com.apple.MediaPlayer.DiagnosticExtension(1.0)
     com.apple.SiriTasksEvaluation.SiriTasksEvaluationPlugin(1.0)
     com.apple.EmergencyAlerts.EmergencyAlertsUIExtension(1.0)
     com.apple.texttospeech.SiriAUSP(1.0)
     com.apple.reminders.WidgetExtension(7.0)
     com.apple.parsec.SafariAssistantWorker((null))
     com.apple.Maps.GeneralMapsWidget(1.0)
     com.apple.SoftwareUpdateServices.SUSFollowUpExtension(1.0)
     com.apple.MobileAddressBook.ContactsAppIntentsExtension((null))
     com.apple.shortcuts.QuickLookExtension(7.0)
+    com.apple.mobileslideshow.photo-picker(1.0)
     com.apple.TelephonyUtilities.FaceTimeMessageStoreIntentsExtension((null))
     com.apple.FocusSettingsUI.UserNotificationExtension(1.0)
     com.apple.NLPLearner.NLPLearnerQuickTypeLighthousePlugin(1.0)
     com.apple.UIKit.ShareUI(1.0)
     com.apple.exchangesync.framework.SyncDiagnosticsExtension(1.0)
     com.apple.camera.settings.CameraSettingsAppIntentsExtension((null))
     com.apple.MobileSMS.MessagesNotificationExtension(14.0)
     com.apple.shortcuts.ThumbnailExtension(7.0)
     com.apple.AppleMediaDiscovery.PFLCSLAppStore2((null))
     com.apple.ambient.AmbientUI.InfographPoster(1.0)
     com.apple.AppleMediaServicesUI.EngagementViewExtension(1)
     com.apple.MobileSMS.MessagesAssistantUIExtension(14.0)
     com.apple.AppleMediaDiscovery.AppStoreEvalLighthousePlugin(1.0)
     com.apple.AppleAccountIntents((null))
     com.apple.ActivityMessagesApp.MessagesExtension(1.0)
     com.apple.siri.SiriInvocationAnalytics.THKOnDemandPlugin(1.0)
     com.apple.ControlCenter.ControlCenterControlsExtension(1.0)
     com.apple.GameCenterUI.GameCenterMatchmakerExtension(1.0)
     com.apple.TranslationUIServices.TranslationUIService(1.0)
     com.apple.WallpaperSettingsIntents((null))
     com.apple.ContactsUI.CNOnboardingPromptExtension(1.0)
     com.apple.PassbookStub.PassbookWidgets(1.0)
     com.apple.AirDropSettingsIntents(1200.4.1)
     com.apple.speech.MacinTalkFramework.MacinTalkAUSP(1.0)
     com.apple.news.NewsNotificationServiceExtension(1.0)
     com.apple.CloudDocsUI.DocumentPicker(1.0)
     com.apple.CoreCDPUI.localSecretPrompt(1.0)
     com.apple.siri.SiriAnnounceExtensions.AnnounceIntentExtension(1.0)
     com.apple.GenerativePlaygroundApp.remoteUIExtension((null))
     com.apple.BarcodeSupport.BarcodeNotificationExtension(1001)
     com.apple.quicklook.thumbnail.CalendarExtension((null))
     com.apple.BreathingAlgorithms.BDADiagnosticExtension(1.0)
     com.apple.news.marketingnotificationextension(1.0)
     com.apple.StoreKit.SKAskPermissionExtension(1.0)
     com.apple.ShortcutsActions.ShortcutsTopHitsExtension((null))
     com.apple.quicklook.thumbnail.iWorkExtension((null))
     com.apple.Music.MusicEngagementExtension(1.0)
     com.apple.UserNotificationsServer.UserNotificationsThumbnailProvider(1.0)
     com.apple.GameCenterUI.GameCenterChallengeIssueExtension(1.0)
     com.apple.siri.SiriInvocationAnalytics.SiriInvocationAnalyticsPlugin(1.0)
     com.apple.iCloudSubscriptionOptimizerCore.PFLPlugin(1.0)
     com.apple.AppDistribution.ADFollowUpExtension(1.0)
+    com.apple.DocumentManagerUICore.AddTagsActionExtension(1.0)
     com.apple.mobileslideshow.PhotosReliveWidget(1.0)
     com.apple.NanoTimeKit.NTKDiagnosticExtensionCompanion(1.0)
     com.apple.AppleMediaDiscovery.AMDEngagementExtension(1)
     com.apple.AccessibilityUIServer.AccessibilityControlsExtension(1.0)
     com.apple.DocumentCamera.ViewService(1.0)
     com.apple.EmojiPoster.EmojiPosterExtension(1.0)
     com.apple.Stickers.UserGenerated.MessagesExtension(1.0)
+    com.apple.NLPLearner.QuickTypePFLExtension(1.0)
     com.apple.iCloudQuotaUI.ICQEngagementExtension(1.0)
     com.apple.ScreenTimeAppIntentsExtension((null))
     com.apple.Preferences.KeyboardSettingsExtension((null))
     com.apple.Batteries.BatteriesAvocadoWidgetExtension(1.0)
     com.apple.UnityPoster.UnityPosterExtension(1.0)
     com.apple.PaperBoard.LegacyPoster(1.0)
     com.apple.icloud.FMF.FindMySettingsAppIntentsExtension((null))
     com.apple.DocumentManagerUICore.RecentsAvocado(1.0)
     com.apple.family.FAFollowupExtension(1.0)
     com.apple.intelligenceflow.IntelligenceFlowAppIntentsExtension((null))
     com.apple.HealthStandaloneIntents((null))
     com.apple.siri.TypeToSiriWidget(1.0)
     com.apple.ContactsUI.ContactViewViewService(1.0)
+    com.apple.NanoTimeKit.CreateWatchFace(1.0)
     com.apple.mobiletimer-framework.MobileTimerIntents(1.0)
     com.apple.ScreenTimeUI.ScreenTimeNotificationContentExtension(3.0)
     com.apple.NeighborhoodActivityConduitService.NeighborhoodActivityConduitIntentsExtension((null))
     com.apple.ImagePlayground.DiagnosticExtension(1.0)
     com.apple.mobileslideshow.PhotosFileProvider(1.0)
     com.davidpovarsky.Zmanim.Widgets(1.0)
     com.apple.DataDetectorsUI.ActionsExtension(3.0)
     com.apple.AuthKitUI.AKAppSSOExtension(1.0)
     com.apple.PassbookUIService.PeerPaymentMessagesExtension(1.0)
     com.apple.AppleMediaServicesUI.AMSEngagementNotificationsExtension(1.0)
     com.apple.HomeKit.diagnosticextension(1.0)
     com.apple.ContactsUI.ContactsViewService(1.0)
     com.apple.PeopleMessageService.AskToBuy(1.0)
     com.apple.VideosUI.TVAppExtension((null))
     com.apple.TextInput.TextInputAppIntentsExtension((null))
     com.apple.ClassKitNotificationUI.PrivacyDisclosure(1.2)
     com.apple.HealthAlgorithms.CycleTrackingDiagnosticExtension(1.0)
     com.apple.Health.Sleep.SleepWidgetExtension(1.0)
     com.apple.AppleMediaServicesUI.UtilityExtension((null))
     com.apple.Preferences.PassbookSettingsIntentExtension((null))
     com.apple.contacts.autocomplete.appintentextension((null))
     com.apple.AuthKitUI.AKLocationSignInAlert(1.0)
     com.apple.siri.SiriSuggestionsLightHousePlugin((null))
     com.apple.ReplayKit.RPBroadcastActivityViewControllerExtension(1.0)
     com.apple.iCloudSettings.iCloudSettingsNotificationContentExtension(1.0)
     com.apple.HomeKit.HomeKitIntentExtension(1.0)
     com.apple.Health.HealthBalanceWidgetExtension(1)
     com.apple.DocumentManagerUICore.Service(1.0)
     com.apple.BarcodeScanner.BSCaptureExtension((null))
     com.apple.intelligenceplatform.IntelligencePlatformCore.ERMLRuntimePlugin(1.0)
     com.apple.HomeKitEvents.HomeKitEventsDiagnosticExtension(1)
     com.apple.AppleMediaServices.FollowUpExtension(1.0)
     com.apple.PassKit.PassKitIntentsExtension(1.0)
+    com.apple.Health.ShareExtension(1.0)
     com.apple.AppleMediaDiscovery.AppStoreEvalLighthouseWorker((null))
     com.apple.VideosUI.TVProductPageExtension(1.0)
     com.apple.CoreRoutine.RTDiagnosticExtension(1.0)
     com.apple.DoNotDisturb.Intents(1.0)
     com.apple.quicklook.thumbnail.OfficeExtension((null))
     com.apple.WebKit.Networking((null))
     com.apple.DeveloperSettingsIntents((null))
     com.apple.PhotosIntelligence.PhotosStoryDiagnostics(1.0)
     com.apple.SensorKit.SensorKitViewService(1.0)
     com.apple.Preferences.DisplayAndBrightnessSettingsExtension((null))
     com.apple.siri.SiriSignals.MusicAppSelectionPFLPlugin(1.0)
     com.apple.LighthouseBitacoraFramework.LighthouseBitacoraPlugin(1.0)
     com.apple.DocumentManagerUICore.RecentsAvocadoIntentHandler(1.0)
     com.apple.TransparencyUI.SWTFollowUpExtension(1.0)
     com.apple.mobilecal.CalendarWidgetExtension(1.0)
     com.apple.omniSearch.SearchToolExtension((null))
     com.apple.SoftwareUpdateServices.SUFollowUpRollbackDetectedExtension(1.0)
     com.apple.iCloudSubscriptionOptimizerLighthouse.LighthousePlugin(1.0)
     com.apple.VideoSubscriberAccount.Intents((null))
     com.apple.news.articlenotificationextension(4.0)
     com.apple.ContactsUI.FullAccessSettingsPromptExtension(1.0)
     com.apple.quicklook.thumbnail.WebExtension(1)
     com.apple.WallpaperKit.CollectionsPoster(2126.2.2)
     com.apple.AppStoreOverlays.ViewService(1.0)
     com.apple.mobileslideshow.PhotosMessagesApp(1.0)
     com.apple.social.SLYahooAuth.SLYahooAuthService(1.0)
     com.apple.settings.PrivacyAppIntents((null))
     com.apple.SeymourServices.SeymourEngagementExtension(1.0)
     com.apple.health.HealthMedicationsUI.HealthMedicationsNotificationContentExtension(1.0)
     com.apple.PasscodeSettingsExtension((null))
     com.apple.AppleMediaDiscovery.PFLASLAppEmbedding((null))
     com.apple.quicklook.thumbnail.AudiovisualExtension((null))
     com.apple.mobilemail.DiagnosticExtension(1.0)
     com.apple.VideoSubscriberAccount.VideoSubscriberAccountUIFramework.AuthenticationExtension(1.0)
     com.apple.CloudDocsUI.CloudSharing(1.0)
     com.apple.AutomatedDeviceEnrollment.adddevices(1.0)
     com.apple.WorkflowUI.FocusConfigurationExtension(7.0)
     com.apple.news.tag(10.4)
     com.apple.GradientPoster.GradientPosterExtension(1.0)
     com.apple.quicklook.thumbnail.TextExtension((null))
     com.apple.CloudDocs.MobileDocumentsFileProviderUI(1.0)
     com.apple.siri.SiriIdentityInternal.IdentityIntentExtension(1.0)
     com.apple.PhotoAnalysis.PhotoAnalysisLighthousePlugin(1.0)
     com.apple.siri.SiriPrivateLearningAnalytics.SiriUserSegmentation((null))
     com.apple.ax.MauiTTSSupport.MauiAUSP(1.0)
+    com.apple.DocumentManagerUICore.SaveToFiles(1.0)
     com.apple.FamilyControls.ActivityPickerExtension(1204.4.5)
     com.apple.Maps.MapsSpotlightIndexExtension(1.0)
     com.apple.PBBridgeSupport.BridgeIntents(1.0)
     com.apple.quicklook.thumbnail.FontExtension((null))
     com.apple.news.diagnosticextension(1.0)
     com.apple.pay.finance.MapsTransactionInsightsExtension((null))
     com.apple.AppleMediaDiscovery.PFLCSLAppStore((null))
     com.apple.MLKit.MLModelPreview(1.0)
     com.apple.UIKit.ColorPicker(1.0)
     com.apple.PassKit.EngagementExtension(1.0)
     com.apple.DeviceActivityUI.DeviceActivityReportService(3.0)
     com.apple.CarKit.CarPlayDiagnosticsExtension(1.0)
     com.apple.AuthKitUI.AKFollowUpServerUIExtension(1.0)
     com.apple.MobileSMS.MessagesPluginNotificationExtension(1.0)
     com.apple.quicklook.thumbnail.ContactExtension((null))
     com.apple.settings.LegalAndRegulatoryAppIntents((null))
     com.apple.Health.HealthCycleTrackingWidgetExtension(1.0)
     com.apple.Passbook.NotificationContentExtension(1.0)
     com.apple.PhotoLibraryServices.PhotosSearchDiagnostics(1.0)
     com.apple.DocumentManagerUICore.RecentsAppPopover(1.0)
     com.apple.Preferences.ControlCenterAppIntentsExtension((null))
     com.apple.devicemanagementclient.MCUIAppIntents((null))
     com.apple.SeymourServices.diagnosticextension(1.0)
     com.apple.CTLazuliSupport.diagnosticextension(1.0)
     com.apple.DisembarkUI.DKFollowUpExtension(1.0)
     com.apple.AVConference.Diagnostic(1.0)
+    com.apple.mobileslideshow.photospicker(1.0)
     com.apple.PeopleMessageService.ScreenTime(1.0)
     com.apple.Search.framework.SpotlightDiagnostic(1.0)
     com.apple.PaperKit.MarkupPhotoEditingExtension(1.0)
     com.apple.iCloudQuota.ICQFollowup(1.0)
     com.apple.omniSearch.SearchToolDiagnosticExtension(1.0)
     com.apple.WatchFacesWallpaperSupport.KaleidoscopePoster(1.0)
     com.apple.mobileslideshow.photosnotifications-updates(1.0)
     com.apple.CloudDocs.iCloudDriveFileProviderManaged(1.0)
     com.apple.Jellyfish.Animoji(1.0)
     com.apple.ScreenTimeWidgetApplication.ScreenTimeWidgetExtension(3.0)
     com.apple.Fitness.diagnosticextension(1.0)
     com.apple.TextToSpeechVoiceBankingSupport.VoiceBankingDiagnostics(1.0)
     com.apple.Passwords.PasswordSettingsAppIntentsExtension((null))
     com.apple.WebKit.WebContent((null))
     com.apple.DocumentsApp.DocumentAppShortcuts((null))
     com.apple.VisionKit.KeyboardCamera(1.0)
     com.apple.Passbook.PassbookLockedWidgets(1.0)
     com.apple.mobilesafari.SafariDiagnosticExtension(18.5)
     com.apple.NanoUniverse.AegirProxyApp.AegirPoster(1.0)
     com.apple.donotdisturb.DoNotDisturbAppIntents((null))
     com.apple.FileProvider.LocalStorage(1.0)
     com.apple.ap.PromotedContentPrediction.APOdmlSearchResultsExtension(1.0)
     com.apple.AuthKitUI.AKSecondFactorEntryAlert(1.0)
     com.apple.mobilemail.MailSettingsIntentsExtension((null))
     com.apple.exchangesyncexpress.framework.EASOAuthService(1.0)
     com.apple.ScreenTimeWidgetApplication.ScreenTimeWidgetIntentsExtension(3.0)
     com.apple.UserNotificationsUIKit.DefaultUIExtension(1.0)
     com.apple.WatchFacesWallpaperSupport.RhizomePoster(1.0)
     com.apple.DefaultAppsSettingsIntents(4.3.7)
     com.apple.CloudSharingUI.AddParticipants(1.0)
     com.apple.mlhost.CloudWorker((null))
     com.apple.accessibility.RTTUI.RTTNotifications(1)
     com.apple.PassKit.applepay.diagnosticextension(1.0)
     com.apple.TransparencyUI.FollowUpExtension(1.0)
     com.apple.news.NewsAudioExtension(1.0)
     com.apple.CoreSpotlight.TextImporter(1.0)
     com.apple.UIUnderstanding.diagnosticextension(1.0)
+    com.apple.newsservices.NewsArticleViewer(3.0)
     com.apple.mobilesafari.SafariLinkExtension((null))
     com.apple.WorkflowUI.WidgetConfigurationExtension(7.0)
     com.apple.HealthKit.HealthCustomerDiagnosticExtension(1.0)
     com.apple.WatchFacesWallpaperSupport.ExtragalacticPoster(1.0)
     com.apple.news.openinnews(4.0)
     com.apple.ScreenTime.ScreenTimeWebExtension(3.0)
     com.apple.news.widget(10.4)
     com.apple.lighthouse.DeepThoughtWorker((null))
     com.apple.SensitiveContentAnalysis.SensitiveContentAnalysisConfigurationExtension((null))
     com.apple.CoreFollowUpUI.FollowUpSampleExtension(1.0)
     com.apple.AuthKitUI.AKSecondFactorAlert(1.0)
     com.apple.ContactsUI.LimitedLibraryPickerViewService((null))
     com.apple.springboard.SpringBoardDiagnosticExtension(1.0)
     com.apple.FontServices.FontIntents((null))
     com.apple.Fitness.FitnessWidget(1.0)
     com.apple.ShazamKit.ShazamNotificationContentExtension(1.0)
     com.apple.ax.KonaTTSSupport.KonaSynthesizer(1.0)
     com.apple.CloudSharingUI.CloudSharing(1.0)
     com.apple.RemotePassUIService.RemotePaymentPassActionsMessagesExtension(1.0)
     com.apple.PeopleViewService.PeopleWidget-iOS(1.0)
     com.apple.MobileSMS.MessagesTranscriptExtension(14.0)
     com.apple.HomeAppIntentsExtension((null))
     com.apple.SleepHealthUI.SleepNotificationContentExtension(1.0)
     com.apple.Preferences.DictionarySettingsExtension((null))
     com.apple.mobiletimer-framework.MobileTimerNotificationExtension(1.0)
     com.apple.CoreSpeech.CoreSpeechDiagnosticExtension(1.0)
     com.apple.OfficeImport.OfficeSpotlightImporter(1.0)
     com.apple.ScreenTimeSwift.ScreenTimeDeviceActivityMonitorExtension(1.0)
     com.apple.Animoji.StickersApp.MessagesExtension(1.0)
     com.apple.BarcodeSupport.BarcodeNotificationExtension2(1001)
+    com.apple.ReminderKitUI.ReminderCreationViewService(7.0)
     com.apple.siri.SiriPrivateLearningAnalytics.SiriUserSegments.Plugin(1.0)
     com.apple.Health.HealthMedicationsWidgetExtension(1.0)
     com.apple.Health.HealthMentalHealthWidgetExtension(1.0)
     com.apple.SOS.SettingsSOSAppIntentsExtension((null))
     com.apple.SubcredentialUIService.SubcredentialInvitationMessagesExtension(1.0)
     com.apple.siri.LLMCacheSELFIngestor((null))
     com.apple.PosterBoard.WallpaperDiagnosticExtension(1.0)
     com.apple.TVRemoteUIService.TVRemoteIntentExtension(1.0)
     com.apple.camera.CameraMessagesApp(1.0)
     com.apple.lighthouse.SiriCoreMetricsWorker((null))
     com.apple.Bridge.GreenfieldThumbnailExtension(1.0)
     com.apple.CalendarNotification.CalendarContentExtension(1.0)
     com.apple.mobileslideshow.PhotosEngagementExtension(1.0)
     com.apple.HealthMenstrualCyclesUI.NotificationContentExtension(1.0)
+    com.apple.AppSSOKerberos.KerberosExtension(1.0)
     com.apple.intelligenceplatform.IntelligencePlatform.DiagnosticExtension(1.0)
     com.apple.intelligenceplatform.IntelligencePlatformCore.IntelligencePlatformLighthousePlugin(1.0)
     com.apple.siri.SiriPrivateLearningAnalytics.SiriUserFeedbackLearningPlatformPlugin(1.0)
     com.apple.CoreCDPUI.CDPFollowUpExtension(1.0)
     com.apple.tgondeviceinferenceproviderservice((null))
+    com.apple.reminders.sharingextension(7.0)
+    com.apple.contacts.ContactsCoreSpotlightExtension(1.0)
     com.apple.shortcuts.ShortcutsWidget(7.0)
     com.apple.CredentialSharingService.ShareableCredentialsMessagesExtension(1.0)
     com.apple.ActionKit.BundledIntentHandler(7.0)
     com.apple.AccessibilityUIServer.AccessibilityAppIntents((null))
     com.apple.news.widgetintents(1.0)
     com.apple.HealthKit.HealthDiagnosticExtension(1.0)
+    com.apple.news.NewsArticleQuickLook(3.0)
     com.apple.intelligenceflow.IntelligenceFlowRuntime.IntelligenceFlowDiagnostics(1.0)
     com.apple.Batteries.BatteriesWidgetIntentsExtension(1.0)
     com.apple.Bridge.BridgeWidgetExtension(1.0)
     com.apple.amp.MusicUI.MusicUIEngagementExtension(1.0)
     com.apple.health.HealthAppSupport.HealthFollowUpExtension(1.0)
     com.apple.PDFKit.PDFImporter(1.0)
     com.apple.reminders.IntentsExtension(7.0)
     com.apple.quicklook.UIExtension((null))
     com.apple.MercuryPoster(1.0)
     com.apple.family.FamilyIntents((null))
     com.apple.ContactsUI.MonogramPosterExtension(1.0)
     com.apple.WorkflowUI.SystemActionConfigurationExtension(7.0)
     com.apple.siri.parsec.HashtagImagesApp.HashtagImagesExtension(1.0)
     com.apple.PhotosAppIntentsExtension((null))
     com.apple.Feedback.DraftingExtension(1.0)
     com.apple.HealthBalance.HealthBalanceDiagnosticExtension(1.0)
     com.apple.siri.SCD.MessageCenterApplicationServiceDiscoveryExtension((null))
     com.apple.WebKit.WebContent.CaptivePortal((null))
     com.apple.mlhost.SampleWorker((null))
     com.apple.ClockPoster.ClockPosterExtension(1.0)
     com.apple.TelephonyUtilities.IntelligenceIntents(1.0)
     com.apple.ClassKit.diagnosticextension(1.0)
     com.apple.coreaudio.haenotifications.HAENotificationContentExtension(1.0)
     com.apple.reminders.IntentsUIExtension(7.0)
     com.apple.Passbook.QuicklookPreviewExtension(1.0)
     com.apple.FinanceUIService.BankConnectRefreshReminderNotificationExtension(1.0)
     com.apple.SmartReplies.SmartRepliesMLRuntimePlugin(73.18)
     com.apple.AuthKit.AKDiagnosticExtension(1.0)
     com.apple.Preferences.InternationalSettingsExtension((null))
     com.apple.ReplayKit.RPVideoEditorExtension(1.0)
     com.apple.mobileslideshow.DestructiveChangeConfirmation(1.0)
     com.apple.Maps.SiriTrafficIncidents(1.0)
     com.apple.iCloudQuotaUI.RemoteiCloudQuotaUI(1.0)
     com.apple.AccountsUISettings.AppIntents((null))
     com.apple.quicklook.thumbnail.ImageExtension((null))
     com.apple.Translation.TranslationAPISupportExtension((null))
     com.apple.gamecenter.GameCenterUIService.GameCenterMessageExtension(1.0)
     com.apple.NotificationsSettingsExtension(1.0)
     com.apple.poirot.MessagesAnalyticsWorker((null))
     com.apple.mapkit.private.RemoteUI((null))
     com.apple.mobilecal.CalendarIntentsExtension((null))
     com.apple.siri.SiriVideoIntents.VideoIntentExtension(1.0)
     com.apple.mobileslideshow.PhotosTCCNotificationExtension(1.0)
     com.apple.HealthKit.HealthResearchLogsDiagnosticExtension(1.0)
     com.apple.UIKit.screenpicker(1.0)
+    com.apple.PDFKit.PDFExtensionView(1.0)
     com.davidpovarsky.Zmanim.NotificationContent(1.0)
     com.apple.news.engagementExtension(1.0)
     com.apple.telephony.SettingsCellularAppIntentsExtension((null))
     com.apple.MobileAddressBook.ContactsSettingsIntentsExtension((null))
     com.apple.AskToMessagesHost.AskToExtension((null))
     com.apple.TVRemoteUIService.TVRemoteWidget(1.0)
     com.apple.InferenceProviderService((null))
     com.apple.mobilecal.FacetimeExtension(1.0)
     com.apple.Batteries.BatteriesWidget(1.0)
     com.apple.PeopleMessageService.LegacyMessageService((null))
     com.apple.DocumentsApp.DocumentAppIntents((null))
     com.apple.SoundScapesUtility.ViewServices(1.0)
     com.apple.TransparencySettingsIntents((null))
     com.apple.HealthKit.HealthRegulatoryCustomerDiagnosticExtension(1.0)
     com.apple.AuthenticationServicesUI.AccountAuthenticationModificationExtensionHelper(1.0)
     com.apple.eventkit.CalendarDiagnosticExtension(1.0)
     com.apple.MLKit.MLPackagePreview(1.0)
     com.apple.reminderkit.NotificationContentExtension(1.0)
     com.apple.Passbook.PassbookWidgets(1.0)
     com.apple.AskToMessagesHost.AskToMessagesExtension(1.0)
     com.apple.CoreSpotlight.TestImporter(1.0)
     com.apple.FamilyControls.FamilyControlsOverrideSettingsExtension(1204.4.5)
     com.apple.CalendarWidget.IntentsExtension(1.0)
     com.apple.BluetoothSettingsApp.BluetoothSettingsAppIntentsWidget(1.0)
     com.apple.extensionkit.AppExtensionManagement(1)
     com.apple.CryptoTokenKit.pivtoken(1.0)
+    com.apple.MarkupUI.MarkupPrivateExtension(1.0)
     com.apple.shortcuts.AutomationNotificationContent(7.0)
     com.apple.AppleMediaServicesUI.ComposeReviewExtension((null))
     com.apple.PridePoster.PridePosterExtension(1.0)
     com.apple.voiceservices.diagnosticextension(1.0)
     com.apple.settingsandcoreapps.InstalledAppsSettingsAppIntents((null))
     com.apple.musicrecognition.MusicRecognitionControls(1.0)
     com.apple.PeopleViewService.SelectPerson-iOS(1.0)
     com.apple.PhotoLibraryServices.PhotosDiagnostics(1.0)
     com.apple.Fitness.FitnessIntents(1.0)
     com.apple.AppleMediaDiscovery.PFLASLExperimental((null))
     com.apple.PhotosUIPrivate.PhotosPosterProvider(1.0)
     com.apple.iTunesStoreUI.SUAskPermissionExtension(1.0)
     com.apple.CryptoTokenKit.secelemtoken(1.0)
     com.apple.PassKit.PassKitIntentsUIExtension(1.0)
     com.apple.PassKit.PassKitSpotlightIndexExtension(1.0)
     com.apple.SpotlightSettings.SpotlightSettingsIntentsExtension((null))
     com.apple.siri.SiriTTSService.STSDiagnostic(1.0)
     com.apple.family.InviteMessageBubbleExtension(1.0)
     com.apple.BarcodeScanner.BarcodeScannerWidgetExtension(1001)
     com.apple.UserActivity.UASharedPasteboardiOSUI(54.1)
     com.apple.settingsandcoreapps.SoundAndHapticsControls(1098.3.2.2)
     com.apple.AmbientTester.AmbientSettingsAppIntentsExtension((null))
     com.apple.AppleMediaDiscovery.PFLASLArcadeRanking((null))
     com.apple.SafetyCheckAppIntents((null))
     com.apple.PhotoAnalysis.PhotosPFLPlugin((null))
     com.apple.TelephonyUtilities.PhoneIntentHandler(1.0)
     com.apple.SeymourServices.SeymourNotifications(1.0)
     com.apple.ClassKit.ClassKitAppIntents((null))
     com.apple.EventKitTCCUI.EventKitTCCFullAccessNotificationUIExtension(1.0)
     com.apple.WorkflowKit.ShortcutsIntents(7.0)
     com.apple.FileProviderUI.ServerAuthUIExtension(1.0)
     com.apple.shortcuts.Run-Workflow(7.0)
     com.apple.Fitness.MirroredWidget(1.0)
     com.apple.siri.SiriAppLaunchIntents.AppLaunchIntentExtension(1.0)
     com.apple.Home.HomeWidgetIntentsExtension((null))
     com.apple.mobileslideshow.photosmemoriesnotificationupdates(1.0)
     com.apple.mlhost.TelemetryWorker((null))
     com.apple.FileProviderDaemon.diagnostic(1.0)
     com.apple.CloudDocs.iCloudDriveFileProvider(1.0)
     com.apple.MobileSMS.MessagesActionExtension((null))
     com.apple.PassKit.PassKitThumbnailExtension(1.0)
     com.apple.AdaptiveMusicApp.AdaptiveMusicControl(1.0.0)
